.........................~.~.............~.....................
.........................~.~.............~.....................
..#####################..~.~..#########..~..#################..
..#XXXXXXXXXXXXXXXXXXX#..~.~..#XXXXXXX#..~..#XXXXXXXXXXXXXXX#..
..#XXXXXXXXXXXXXXXXXXX#..~.~..#XXXXXXX#..~..#XXXXXXXXXXXXXXX#..
..#XXXXXXXXXXXXXXXXXXX#..~.~..#XXXXXXX#..~..#XXXXXXXXXXXXXXX#..
..#XXXXXXXXXXXXXXXXXXX#..~.~..#XXXXXXXX#...#XXXXXXXXXXXXXXXX#..
..#XXXXXXXXXXXXXXXXXXX#..~.~..#XXXXXXX#..~..#XXXXXXXXXXXXXXX#..
..#XXXXXXXXXXXXXXXXXXX#..~.~..#XXXXXXX#..~..#XXXXXXXXXXXXXXX#..
..#XXXXXXXXXXXXXXXXXXX#..~.~..#XXXXXXX#..~..#XXXXXXXXXXXXXXX#..
..#XXXXXXXXXXXXXXXXXXX#..~.~..#XXXXXXX#..~..#XXXXXXXXXXXXXXX#..
..#XXXXXXXXXXXXXXXXXXX#..~.~..#XXXXXXX#..~..#XXXXXXXXXXXXXXX#..
..#XXXXXXXXXXXXXXXXXXX#..~.~..##X######..~..#################..
..#XXXXXXXXXXXXXXXXXXX#..~.~....#........~.....................
..#XXXXXXXXXXXXXXXXXXX#..~...............~.....................
..#XXXXXXXXXXXXXXXXXXX#..~~~~~~~.~~~~~~~~~~~~~~~~~~~~~~~~~~~~~~
..#XXXXXXXXXXXXXXXXXXX#..~.........~...........................
..#XXXXXXXXXXXXXXXXXXX#..~......#..~...........................
..#XXXXXXXXXXXXXXXXXXX#..~..#####..~..#######################..
..#XXXXXXXXXXXXXXXXXXX#..~..#XXX#..~..#XXXXXXXXXXXXXXXXXXXXX#..
..##############X#######...#XXXXX#...#XXXXXXXXXXXXXXXXXXXXXX#..
................#........~..#XXX#..~..#XXXXXXXXXXXXXXXXXXXXX#..
.........................~..#XXX#..~..#XXXXXXXXXXXXXXXXXXXXX#..
~~~~~~~~~~~~~~~~.~~~~~~~~~..#XXX#..~..#XXXXXXXXXXXXXXXXXXXXX#..
.........................~..#XXX#..~..#XXXXXXXXXXXXXXXXXXXXX#..
................#........~..#XXX#..~..#XXXXXXXXXXXXXXXXXXXXX#..
..##############X######..~..#XXX#..~..#XXXXXXXXXXXXXXXXXXXXX#..
..#XXXXXXXXXXXXXXXXXXX#..~..#XXX#..~..#XXXXXXXXXXXXXXXXXXXXX#..
..#XXXXXXXXXXXXXXXXXXX#..~..#XXX#..~..#XXXXXXXXXXXXXXXXXXXXX#..
..#XXXXXXXXXXXXXXXXXXX#..~..#XXX#..~..#XXXXXXXXXXXXXXXXXXXXX#..
..##################X##..~..#XXX#..~..#XXXXXXXXXXXXXXXXXXXXX#..
....................#....~..#XXX#..~..#XXXXXXXXXXXXXXXXXXXXX#..
.........................~..#####..~..##X####################..
~~~~~~~~~~~~~~~~~~~~.~~~~~.........~....#......................
.........................~.........~...........................
....................#....~~~~~~~~~~~~~~~.~~~~~~~~~~~~~~~~~~~~~~
..##################X##..~.............................~.......
..#XXXXXXXXXXXXXXXXXXX#..~..............#..............~.......
..#XXXXXXXXXXXXXXXXXXX#..~..############X############..~..###..
..#XXXXXXXXXXXXXXXXXXX#..~..#XXXXXXXXXXXXXXXXXXXXXXX#..~..#X#..
..#XXXXXXXXXXXXXXXXXXX#..~..#XXXXXXXXXXXXXXXXXXXXXXX#..~..#X#..
..#XXXXXXXXXXXXXXXXXXX#..~..#XXXXXXXXXXXXXXXXXXXXXXX#..~..#X#..
..#XXXXXXXXXXXXXXXXXXX#..~..#XXXXXXXXXXXXXXXXXXXXXXXX#...#XX#..
..#XXXXXXXXXXXXXXXXXXX#..~..#XXXXXXXXXXXXXXXXXXXXXXX#..~..#X#..
..#XXXXXXXXXXXXXXXXXXX#..~..#XXXXXXXXXXXXXXXXXXXXXXX#..~..#X#..
..#XXXXXXXXXXXXXXXXXXX#..~..#XXXXXXXXXXXXXXXXXXXXXXX#..~..#X#..
..#XXXXXXXXXXXXXXXXXXX#..~..#XXXXXXXXXXXXXXXXXXXXXXX#..~..#X#..
..#XXXXXXXXXXXXXXXXXXX#..~..#XXXXXXXXXXXXXXXXXXXXXXX#..~..#X#..
..#XXXXXXXXXXXXXXXXXXX#..~..#XXXXXXXXXXXXXXXXXXXXXXX#..~..#X#..
..#XXXXXXXXXXXXXXXXXXX#..~..#XXXXXXXXXXXXXXXXXXXXXXX#..~..#X#..
..#XXXXXXXXXXXXXXXXXXX#..~..#XXXXXXXXXXXXXXXXXXXXXXX#..~..#X#..
..#XXXXXXXXXXXXXXXXXXX#..~..#XXXXXXXXXXXXXXXXXXXXXXX#..~..#X#..
..#XXXXXXXXXXXXXXXXXXX#..~..#XXXXXXXXXXXXXXXXXXXXXXX#..~..#X#..
..#XXXXXXXXXXXXXXXXXXX#..~..#XXXXXXXXXXXXXXXXXXXXXXX#..~..#X#..
..#XXXXXXXXXXXXXXXXXXX#..~..#XXXXXXXXXXXXXXXXXXXXXXX#..~..#X#..
..#XXXXXXXXXXXXXXXXXXX#..~..#XXXXXXXXXXXXXXXXXXXXXXX#..~..#X#..
..#XXXXXXXXXXXXXXXXXXX#..~..#XXXXXXXXXXXXXXXXXXXXXXX#..~..#X#..
..#XXXXXXXXXXXXXXXXXXX#..~..#XXXXXXXXXXXXXXXXXXXXXXX#..~..#X#..
..#XXXXXXXXXXXXXXXXXXX#..~..#XXXXXXXXXXXXXXXXXXXXXXX#..~..#X#..
..#XXXXXXXXXXXXXXXXXXX#..~..#XXXXXXXXXXXXXXXXXXXXXXX#..~..#X#..
..#####################..~..#########################..~..###..
.........................~.............................~.......
.........................~.............................~.......
